MSBuild version 17.14.40+3e7442088 for .NET Framework

MSBuild version 17.14.40+3e7442088 for .NET Framework

  1>Checking Build System
  Building Custom Rule D:/project stuff/sm-legends/CMakeLists.txt
  SimfileParser.cpp
  ChartAnalyzer.cpp
  Conductor.cpp
  NoteRenderer.cpp
  Generating Code...
  sm_engine.vcxproj -> D:\project stuff\sm-legends\build\Debug\sm_engine.lib
  Building Custom Rule D:/project stuff/sm-legends/CMakeLists.txt
  GameWindow.cpp
  FontManager.cpp
  SongScanner.cpp
  AudioEngine.cpp
  Generating Code...
  sm_gui.vcxproj -> D:\project stuff\sm-legends\build\Debug\sm_gui.lib
  Building Custom Rule D:/project stuff/sm-legends/CMakeLists.txt
  gui_main.cpp
  sm-legends-gui.vcxproj -> D:\project stuff\sm-legends\build\Debug\sm-legends-gui.exe
